[backblue.gif]
[fade.gif]
[index.html]
[localhost/nxtech/feed/index.html]
[localhost/nxtech/comments/feed/index.html]
[localhost/nxtech/wp-includes/js/dist/interactivity.minaec2.js]
[localhost/nxtech/wp-includes/blocks/navigation/view.minff1e.js]
[localhost/nxtech/wp-includes/js/jquery/jquery.minf43b.js]
[localhost/nxtech/wp-includes/js/jquery/jquery-migrate.min5589.js]
[localhost/nxtech/xmlrpc0db0.php]
[localhost/nxtech/wp-content/themes/fotawp/assets/fonts/league_spartan/LeagueSpartan-VariableFont_wght.ttf]
[localhost/nxtech/wp-json/index.html]
[localhost/nxtech/wp-content/themes/fotawp/assets/fonts/lato/Lato-Light.woff2]
[localhost/nxtech/wp-content/themes/fotawp/assets/fonts/lato/Lato-Regular.woff2]
[localhost/nxtech/wp-content/themes/fotawp/assets/fonts/lato/Lato-Bold.woff2]
[localhost/nxtech/wp-content/themes/fotawp/assets/fonts/dm-sans/DMSans-VariableFont_wght.ttf]
[localhost/nxtech/wp-content/themes/fotawp/assets/fonts/dm-sans/DMSans-Italic-VariableFont_wght.ttf]
[localhost/nxtech/wp-content/themes/fotawp/assets/fonts/inter/Inter-VariableFont_wght.ttf]
[localhost/nxtech/wp-content/themes/fotawp/assets/fonts/albert-sans/AlbertSans-VariableFont_wght.ttf]
[localhost/nxtech/wp-content/themes/fotawp/assets/fonts/albert-sans/AlbertSans-Italic-VariableFont_wght.ttf]
[localhost/nxtech/wp-content/themes/fotawp/assets/fonts/hanken-grotesk/HankenGrotesk-VariableFont_wght.ttf]
[localhost/nxtech/wp-content/themes/fotawp/assets/fonts/hanken-grotesk/HankenGrotesk-Italic-VariableFont_wght.ttf]
[localhost/nxtech/wp-content/themes/fotawp/assets/fonts/playfair-display/PlayfairDisplay-VariableFont_wght.ttf]
[localhost/nxtech/wp-content/themes/fotawp/assets/fonts/playfair-display/PlayfairDisplay-Italic-VariableFont_wght.ttf]
[localhost/nxtech/wp-content/themes/fotawp/assets/fonts/outfit/Outfit-VariableFont_wght.ttf]
[localhost/nxtech/wp-content/themes/fotawp/assets/fonts/quicksand/Quicksand-VariableFont_wght.ttf]
[localhost/nxtech/wp-content/themes/fotawp/assets/fonts/oswald/Oswald-VariableFont_wght.ttf]
[localhost/nxtech/wp-content/themes/fotawp/assets/fonts/nunito/Nunito-VariableFont_wght.ttf]
[localhost/nxtech/wp-content/themes/fotawp/assets/fonts/nunito/Nunito-Italic-VariableFont_wght.ttf]
[localhost/nxtech/wp-content/themes/fotawp/assets/fonts/montserrat/Montserrat-VariableFont_wght.ttf]
[localhost/nxtech/wp-content/themes/fotawp/assets/fonts/montserrat/Montserrat-Italic-VariableFont_wght.ttf]
[localhost/nxtech/wp-content/themes/fotawp/assets/fonts/plus-jakarta-sans/PlusJakartaSans-VariableFont_wght.ttf]
[localhost/nxtech/wp-content/themes/fotawp/assets/fonts/plus-jakarta-sans/PlusJakartaSans-Italic-VariableFont_wght.ttf]
[localhost/nxtech/wp-content/uploads/2023/10/Nx-jpg-01.jpg]
[localhost/nxtech/wp-content/themes/fotawp/assets/images/banner_featured_image.png]
[localhost/nxtech/wp-content/uploads/2023/11/mobileicon.jpg]
[localhost/nxtech/wp-content/uploads/2023/10/w8.jpg]
[localhost/nxtech/wp-content/uploads/2023/11/pro1-1.png]
[localhost/nxtech/wp-content/uploads/2023/11/pro4-1.png]
[localhost/nxtech/wp-content/uploads/2023/11/pro3-3.png]
[localhost/nxtech/wp-content/uploads/2023/11/pro5-1.png]
[localhost/nxtech/wp-content/uploads/2023/11/pro6-1.png]
[localhost/nxtech/wp-content/uploads/2023/11/pro7-1.png]
[localhost/nxtech/wp-content/uploads/2023/11/jofe-2.jpg]
[localhost/nxtech/wp-content/uploads/2023/11/Cathy.jpg]
[localhost/nxtech/wp-content/uploads/2023/11/richard.jpg]
[localhost/nxtech/wp-content/uploads/2023/11/Zodeg-2.png]
[localhost/nxtech/wp-content/uploads/2023/11/Startist.png]
[localhost/nxtech/wp-content/uploads/2023/11/Incloud.png]
[localhost/nxtech/wp-content/uploads/2023/11/2.png]
[localhost/nxtech/wp-content/uploads/2023/11/Gogonut.png]
[localhost/nxtech/wp-content/uploads/2023/10/Python-dev.png]
[localhost/nxtech/wp-content/uploads/2023/10/Web-Dev.png]
[localhost/nxtech/wp-content/uploads/2023/10/Java-dev.png]
[localhost/nxtech/wp-content/uploads/2023/10/MERN-dev.png]
[localhost/nxtech/wp-content/plugins/contact-form-7/includes/swv/js/indexc8d8.js]
[localhost/nxtech/wp-content/plugins/contact-form-7/includes/js/indexc8d8.js]
[localhost/nxtech/wp-content/themes/fotawp/assets/js/fotawp-scripts1efe.js]
[localhost/nxtech/index.html]
[localhost/nxtech/wp-includes/blocks/navigation/style.minaec2.css]
[localhost/nxtech/wp-includes/blocks/social-links/style.minaec2.css]
[localhost/nxtech/wp-includes/blocks/image/style.minaec2.css]
[localhost/nxtech/wp-includes/blocks/cover/style.minaec2.css]
[localhost/nxtech/wp-includes/blocks/gallery/style.minaec2.css]
[localhost/nxtech/wp-content/themes/fotawp/assets/css/blocksaec2.css]
[localhost/nxtech/wp-content/plugins/contact-form-7/includes/css/stylesc8d8.css]
[localhost/nxtech/wp-content/themes/fotawp/style1efe.css]
[localhost/nxtech/wp-content/themes/fotawp/assets/fonts/open-sans/OpenSans-VariableFont_wght.html]
[localhost/nxtech/wp-content/themes/fotawp/assets/fonts/open-sans/OpenSans-Italic-VariableFont_wght.html]
[localhost/nxtech/wp-json/wp/v2/pages/537.json]
[localhost/nxtech/wp-json/oembed/1.0/embed1688.json]
[localhost/nxtech/wp-json/oembed/1.0/embedf1bf]
[localhost/nxtech/contact-us/index.html]
[localhost/nxtech/wp-content/themes/fotawp/assets/images/icon_easy_customize.svg]
[localhost/nxtech/wp-content/themes/fotawp/assets/images/icon_mobile_first.svg]
[localhost/nxtech/wp-content/themes/fotawp/assets/images/icon_pagebuilder.svg]
[localhost/nxtech/wp-content/themes/fotawp/assets/images/icon_ecommerce.svg]
[localhost/nxtech/wp-content/themes/fotawp/assets/images/icon_screen.svg]
[localhost/nxtech/wp-content/themes/fotawp/assets/images/icon_data.svg]
[localhost/nxtech/wp-content/themes/fotawp/assets/images/icon_marketing.svg]
[localhost/nxtech/wp-content/themes/fotawp/assets/images/icon_social.svg]
[localhost/nxtech/growsoft.html]
[localhost/nxtech/wp-content/themes/fotawp/assets/images/review_star.svg]
[localhost/nxtech/2023/11/16/the-indispensable-role-of-a-website-in-boosting-your-business/feed/index.html]
[localhost/nxtech/wp-json/wp/v2/posts/444.json]
[localhost/nxtech/wp-json/oembed/1.0/embed47d9.json]
[localhost/nxtech/wp-json/oembed/1.0/embed82df]
[localhost/nxtech/wp-content/uploads/2023/10/w5.jpg]
[localhost/nxtech/wp-includes/js/comment-reply.minaec2.js]
[localhost/nxtech/2023/11/16/the-indispensable-role-of-a-website-in-boosting-your-business/index.html]
[localhost/nxtech/wp-json/wp/v2/posts/1.json]
[localhost/nxtech/2023/10/25/hello-world/feed/index.html]
[localhost/nxtech/wp-json/oembed/1.0/embedccd8.json]
[localhost/nxtech/wp-json/oembed/1.0/embedc30f]
[localhost/nxtech/2023/10/25/hello-world/index.html]
[localhost/nxtech/wp-content/themes/fotawp/assets/images/up-arrow.svg]
[localhost/nxtech/indexfbc0.html]
[localhost/nxtech/wp-includes/css/dist/block-library/common.minaec2.css]
[localhost/nxtech/indexb284.html]
[localhost/nxtech/wp-json/wp/v2/categories/1.json]
[localhost/nxtech/category/uncategorized/index.html]
[localhost/nxtech/category/uncategorized/feed/index.html]
[localhost/nxtech/indexcff1.html]
[localhost/nxtech/2023/10/25/hello-world/index6809.html]
